10:35:48 **** Incremental Build of configuration Debug for project RawDataCollector ****
make -j8 all 
arm-none-eabi-gcc "../Core/Src/main.c" -mcpu=cortex-m4 -std=gnu11 -g3 -DDEBUG -DUSE_HAL_DRIVER -DSTM32F446xx -c -I../Core/Inc -I../Drivers/STM32F4xx_HAL_Driver/Inc -I../Drivers/STM32F4xx_HAL_Driver/Inc/Legacy -I../Drivers/CMSIS/Device/ST/STM32F4xx/Include -I../Drivers/CMSIS/Include -O0 -ffunction-sections -fdata-sections -Wall -fstack-usage -MMD -MP -MF"Core/Src/main.d" -MT"Core/Src/main.o" --specs=nano.specs -mfpu=fpv4-sp-d16 -mfloat-abi=hard -mthumb -o "Core/Src/main.o"
arm-none-eabi-gcc -o "RawDataCollector.elf" @"objects.list"   -mcpu=cortex-m4 -T"/home/otimofieiev/Desktop/GoPetProject/RawDataCollector/RawDataCollector/STM32F446RETX_FLASH.ld" --specs=nosys.specs -Wl,-Map="RawDataCollector.map" -Wl,--gc-sections -static --specs=nano.specs -mfpu=fpv4-sp-d16 -mfloat-abi=hard -mthumb -Wl,--start-group -lc -lm -Wl,--end-group
Finished building target: RawDataCollector.elf
 
arm-none-eabi-size   RawDataCollector.elf 
arm-none-eabi-objdump -h -S  RawDataCollector.elf  > "RawDataCollector.list"
   text	   data	    bss	    dec	    hex	filename
  17032	    120	   1752	  18904	   49d8	RawDataCollector.elf
arm-none-eabi-objcopy  -O binary  RawDataCollector.elf  "RawDataCollector.bin"
Finished building: default.size.stdout
 
Finished building: RawDataCollector.bin
 
Finished building: RawDataCollector.list
 
10:35:51 **** Incremental Build of configuration Debug for project RawDataCollector ****
make -j8 all 
arm-none-eabi-size   RawDataCollector.elf 
   text	   data	    bss	    dec	    hex	filename
  17032	    120	   1752	  18904	   49d8	RawDataCollector.elf
Finished building: default.size.stdout
 
10:41:14 **** Incremental Build of configuration Debug for project RawDataCollector ****
make -j8 all 
arm-none-eabi-gcc "../Core/Src/main.c" -mcpu=cortex-m4 -std=gnu11 -g3 -DDEBUG -DUSE_HAL_DRIVER -DSTM32F446xx -c -I../Core/Inc -I../Drivers/STM32F4xx_HAL_Driver/Inc -I../Drivers/STM32F4xx_HAL_Driver/Inc/Legacy -I../Drivers/CMSIS/Device/ST/STM32F4xx/Include -I../Drivers/CMSIS/Include -O0 -ffunction-sections -fdata-sections -Wall -fstack-usage -MMD -MP -MF"Core/Src/main.d" -MT"Core/Src/main.o" --specs=nano.specs -mfpu=fpv4-sp-d16 -mfloat-abi=hard -mthumb -o "Core/Src/main.o"
arm-none-eabi-gcc -o "RawDataCollector.elf" @"objects.list"   -mcpu=cortex-m4 -T"/home/otimofieiev/Desktop/GoPetProject/RawDataCollector/RawDataCollector/STM32F446RETX_FLASH.ld" --specs=nosys.specs -Wl,-Map="RawDataCollector.map" -Wl,--gc-sections -static --specs=nano.specs -mfpu=fpv4-sp-d16 -mfloat-abi=hard -mthumb -Wl,--start-group -lc -lm -Wl,--end-group
Finished building target: RawDataCollector.elf
 
arm-none-eabi-size   RawDataCollector.elf 
arm-none-eabi-objdump -h -S  RawDataCollector.elf  > "RawDataCollector.list"
arm-none-eabi-objcopy  -O binary  RawDataCollector.elf  "RawDataCollector.bin"
   text	   data	    bss	    dec	    hex	filename
  17032	    120	   1752	  18904	   49d8	RawDataCollector.elf
Finished building: default.size.stdout
 
Finished building: RawDataCollector.bin
 
Finished building: RawDataCollector.list
 
10:44:33 **** Incremental Build of configuration Debug for project RawDataCollector ****
make -j8 all 
arm-none-eabi-gcc "../Core/Src/HTU21.c" -mcpu=cortex-m4 -std=gnu11 -g3 -DDEBUG -DUSE_HAL_DRIVER -DSTM32F446xx -c -I../Core/Inc -I../Drivers/STM32F4xx_HAL_Driver/Inc -I../Drivers/STM32F4xx_HAL_Driver/Inc/Legacy -I../Drivers/CMSIS/Device/ST/STM32F4xx/Include -I../Drivers/CMSIS/Include -O0 -ffunction-sections -fdata-sections -Wall -fstack-usage -MMD -MP -MF"Core/Src/HTU21.d" -MT"Core/Src/HTU21.o" --specs=nano.specs -mfpu=fpv4-sp-d16 -mfloat-abi=hard -mthumb -o "Core/Src/HTU21.o"
arm-none-eabi-gcc "../Core/Src/main.c" -mcpu=cortex-m4 -std=gnu11 -g3 -DDEBUG -DUSE_HAL_DRIVER -DSTM32F446xx -c -I../Core/Inc -I../Drivers/STM32F4xx_HAL_Driver/Inc -I../Drivers/STM32F4xx_HAL_Driver/Inc/Legacy -I../Drivers/CMSIS/Device/ST/STM32F4xx/Include -I../Drivers/CMSIS/Include -O0 -ffunction-sections -fdata-sections -Wall -fstack-usage -MMD -MP -MF"Core/Src/main.d" -MT"Core/Src/main.o" --specs=nano.specs -mfpu=fpv4-sp-d16 -mfloat-abi=hard -mthumb -o "Core/Src/main.o"
../Core/Src/HTU21.c: In function 'readTempAndHumidity':
../Core/Src/HTU21.c:19:19: warning: passing argument 1 of 'HAL_I2C_Mem_Read' from incompatible pointer type [-Wincompatible-pointer-types]
   19 |  HAL_I2C_Mem_Read(&hi2c1, HTU21D_Adress, HTU21D_Temp_Cmd, I2C_MEMADD_SIZE_8BIT, (uint8_t*) HTU21D_RX_Data, 2, 1000);
      |                   ^~~~~~
      |                   |
      |                   I2C_HandleTypeDef ** {aka struct <anonymous> **}
In file included from ../Core/Inc/stm32f4xx_hal_conf.h:358,
                 from ../Drivers/STM32F4xx_HAL_Driver/Inc/stm32f4xx_hal.h:30,
                 from ../Core/Inc/HTU21.h:11,
                 from ../Core/Src/HTU21.c:9:
../Drivers/STM32F4xx_HAL_Driver/Inc/stm32f4xx_hal_i2c.h:572:55: note: expected 'I2C_HandleTypeDef *' {aka 'struct <anonymous> *'} but argument is of type 'I2C_HandleTypeDef **' {aka 'struct <anonymous> **'}
  572 | HAL_StatusTypeDef HAL_I2C_Mem_Read(I2C_HandleTypeDef *hi2c, uint16_t DevAddress, uint16_t MemAddress, uint16_t MemAddSize, uint8_t *pData, uint16_t Size, uint32_t Timeout);
      |                                    ~~~~~~~~~~~~~~~~~~~^~~~
../Core/Src/HTU21.c:24:19: warning: passing argument 1 of 'HAL_I2C_Mem_Read' from incompatible pointer type [-Wincompatible-pointer-types]
   24 |  HAL_I2C_Mem_Read(&hi2c1, HTU21D_Adress, HTU21D_Humi_Cmd, I2C_MEMADD_SIZE_8BIT, HTU21D_RX_Data, 2, 1000);
      |                   ^~~~~~
      |                   |
      |                   I2C_HandleTypeDef ** {aka struct <anonymous> **}
In file included from ../Core/Inc/stm32f4xx_hal_conf.h:358,
                 from ../Drivers/STM32F4xx_HAL_Driver/Inc/stm32f4xx_hal.h:30,
                 from ../Core/Inc/HTU21.h:11,
                 from ../Core/Src/HTU21.c:9:
../Drivers/STM32F4xx_HAL_Driver/Inc/stm32f4xx_hal_i2c.h:572:55: note: expected 'I2C_HandleTypeDef *' {aka 'struct <anonymous> *'} but argument is of type 'I2C_HandleTypeDef **' {aka 'struct <anonymous> **'}
  572 | HAL_StatusTypeDef HAL_I2C_Mem_Read(I2C_HandleTypeDef *hi2c, uint16_t DevAddress, uint16_t MemAddress, uint16_t MemAddSize, uint8_t *pData, uint16_t Size, uint32_t Timeout);
      |                                    ~~~~~~~~~~~~~~~~~~~^~~~
../Core/Src/HTU21.c:13:8: warning: variable 'HTU21D_Humidity' set but not used [-Wunused-but-set-variable]
   13 |  float HTU21D_Humidity;
      |        ^~~~~~~~~~~~~~~
../Core/Src/HTU21.c:12:8: warning: variable 'HTU21D_Temperature' set but not used [-Wunused-but-set-variable]
   12 |  float HTU21D_Temperature;
      |        ^~~~~~~~~~~~~~~~~~
arm-none-eabi-gcc -o "RawDataCollector.elf" @"objects.list"   -mcpu=cortex-m4 -T"/home/otimofieiev/Desktop/GoPetProject/RawDataCollector/RawDataCollector/STM32F446RETX_FLASH.ld" --specs=nosys.specs -Wl,-Map="RawDataCollector.map" -Wl,--gc-sections -static --specs=nano.specs -mfpu=fpv4-sp-d16 -mfloat-abi=hard -mthumb -Wl,--start-group -lc -lm -Wl,--end-group
Finished building target: RawDataCollector.elf
 
arm-none-eabi-size   RawDataCollector.elf 
arm-none-eabi-objdump -h -S  RawDataCollector.elf  > "RawDataCollector.list"
arm-none-eabi-objcopy  -O binary  RawDataCollector.elf  "RawDataCollector.bin"
   text	   data	    bss	    dec	    hex	filename
  16968	    120	   1752	  18840	   4998	RawDataCollector.elf
Finished building: default.size.stdout
 
Finished building: RawDataCollector.bin
 
Finished building: RawDataCollector.list
 
10:45:01 **** Incremental Build of configuration Debug for project RawDataCollector ****
make -j8 all 
arm-none-eabi-gcc "../Core/Src/HTU21.c" -mcpu=cortex-m4 -std=gnu11 -g3 -DDEBUG -DUSE_HAL_DRIVER -DSTM32F446xx -c -I../Core/Inc -I../Drivers/STM32F4xx_HAL_Driver/Inc -I../Drivers/STM32F4xx_HAL_Driver/Inc/Legacy -I../Drivers/CMSIS/Device/ST/STM32F4xx/Include -I../Drivers/CMSIS/Include -O0 -ffunction-sections -fdata-sections -Wall -fstack-usage -MMD -MP -MF"Core/Src/HTU21.d" -MT"Core/Src/HTU21.o" --specs=nano.specs -mfpu=fpv4-sp-d16 -mfloat-abi=hard -mthumb -o "Core/Src/HTU21.o"
../Core/Src/HTU21.c: In function 'readTempAndHumidity':
../Core/Src/HTU21.c:13:8: warning: variable 'HTU21D_Humidity' set but not used [-Wunused-but-set-variable]
   13 |  float HTU21D_Humidity;
      |        ^~~~~~~~~~~~~~~
../Core/Src/HTU21.c:12:8: warning: variable 'HTU21D_Temperature' set but not used [-Wunused-but-set-variable]
   12 |  float HTU21D_Temperature;
      |        ^~~~~~~~~~~~~~~~~~
arm-none-eabi-gcc -o "RawDataCollector.elf" @"objects.list"   -mcpu=cortex-m4 -T"/home/otimofieiev/Desktop/GoPetProject/RawDataCollector/RawDataCollector/STM32F446RETX_FLASH.ld" --specs=nosys.specs -Wl,-Map="RawDataCollector.map" -Wl,--gc-sections -static --specs=nano.specs -mfpu=fpv4-sp-d16 -mfloat-abi=hard -mthumb -Wl,--start-group -lc -lm -Wl,--end-group
Finished building target: RawDataCollector.elf
 
arm-none-eabi-size   RawDataCollector.elf 
arm-none-eabi-objdump -h -S  RawDataCollector.elf  > "RawDataCollector.list"
   text	   data	    bss	    dec	    hex	filename
  16968	    120	   1752	  18840	   4998	RawDataCollector.elf
arm-none-eabi-objcopy  -O binary  RawDataCollector.elf  "RawDataCollector.bin"
Finished building: default.size.stdout
Finished building: RawDataCollector.bin
 
 
Finished building: RawDataCollector.list
 
