10:45:01 **** Incremental Build of configuration Debug for project RawDataCollector ****
make -j8 all 
arm-none-eabi-gcc "../Core/Src/HTU21.c" -mcpu=cortex-m4 -std=gnu11 -g3 -DDEBUG -DUSE_HAL_DRIVER -DSTM32F446xx -c -I../Core/Inc -I../Drivers/STM32F4xx_HAL_Driver/Inc -I../Drivers/STM32F4xx_HAL_Driver/Inc/Legacy -I../Drivers/CMSIS/Device/ST/STM32F4xx/Include -I../Drivers/CMSIS/Include -O0 -ffunction-sections -fdata-sections -Wall -fstack-usage -MMD -MP -MF"Core/Src/HTU21.d" -MT"Core/Src/HTU21.o" --specs=nano.specs -mfpu=fpv4-sp-d16 -mfloat-abi=hard -mthumb -o "Core/Src/HTU21.o"
../Core/Src/HTU21.c: In function 'readTempAndHumidity':
../Core/Src/HTU21.c:13:8: warning: variable 'HTU21D_Humidity' set but not used [-Wunused-but-set-variable]
   13 |  float HTU21D_Humidity;
      |        ^~~~~~~~~~~~~~~
../Core/Src/HTU21.c:12:8: warning: variable 'HTU21D_Temperature' set but not used [-Wunused-but-set-variable]
   12 |  float HTU21D_Temperature;
      |        ^~~~~~~~~~~~~~~~~~
arm-none-eabi-gcc -o "RawDataCollector.elf" @"objects.list"   -mcpu=cortex-m4 -T"/home/otimofieiev/Desktop/GoPetProject/RawDataCollector/RawDataCollector/STM32F446RETX_FLASH.ld" --specs=nosys.specs -Wl,-Map="RawDataCollector.map" -Wl,--gc-sections -static --specs=nano.specs -mfpu=fpv4-sp-d16 -mfloat-abi=hard -mthumb -Wl,--start-group -lc -lm -Wl,--end-group
Finished building target: RawDataCollector.elf
 
arm-none-eabi-size   RawDataCollector.elf 
arm-none-eabi-objdump -h -S  RawDataCollector.elf  > "RawDataCollector.list"
   text	   data	    bss	    dec	    hex	filename
  16968	    120	   1752	  18840	   4998	RawDataCollector.elf
arm-none-eabi-objcopy  -O binary  RawDataCollector.elf  "RawDataCollector.bin"
Finished building: default.size.stdout
Finished building: RawDataCollector.bin
 
 
Finished building: RawDataCollector.list
 

10:45:02 Build Finished. 0 errors, 2 warnings. (took 378ms)

